// Jest Snapshot v1, https://goo.gl/fbAQLP

exports[`loader component render loader 1`] = `
<div>
  <div
    class="loader"
  />
</div>
`;
